[backblue.gif]
[fade.gif]
[index.html]
[designtab.nitrkl.ac.in/images/dt.png]
[designtab.nitrkl.ac.in/js/particles.min.js]
[designtab.nitrkl.ac.in/js/index.js]
[designtab.nitrkl.ac.in/index.html]
[designtab.nitrkl.ac.in/css/hover-min.css]
[designtab.nitrkl.ac.in/css/style.css]
[designtab.nitrkl.ac.in/css/home.css]
[designtab.nitrkl.ac.in/css/font-awesome.min.css]
[designtab.nitrkl.ac.in/css/modal.css]
[designtab.nitrkl.ac.in/images/3d/img/1.png]
[designtab.nitrkl.ac.in/images/3d/1.png]
[designtab.nitrkl.ac.in/images/3d/img/2.png]
[designtab.nitrkl.ac.in/images/3d/2.png]
[designtab.nitrkl.ac.in/images/3d/img/3.png]
[designtab.nitrkl.ac.in/images/3d/3.png]
[designtab.nitrkl.ac.in/images/3d/img/4.png]
[designtab.nitrkl.ac.in/images/3d/4.png]
[designtab.nitrkl.ac.in/images/3d/img/5.png]
[designtab.nitrkl.ac.in/images/3d/5.png]
[designtab.nitrkl.ac.in/images/3d/img/6.png]
[designtab.nitrkl.ac.in/images/3d/6.png]
[designtab.nitrkl.ac.in/images/3d/img/7.png]
[designtab.nitrkl.ac.in/images/3d/7.png]
[designtab.nitrkl.ac.in/images/3d/img/8.png]
[designtab.nitrkl.ac.in/images/3d/8.png]
[designtab.nitrkl.ac.in/images/3d/img/9.png]
[designtab.nitrkl.ac.in/images/3d/9.png]
[designtab.nitrkl.ac.in/images/3d/img/10.png]
[designtab.nitrkl.ac.in/images/3d/10.png]
[designtab.nitrkl.ac.in/js/jquery.min.js]
[designtab.nitrkl.ac.in/source/jquery.fancybox8cbb.js]
[designtab.nitrkl.ac.in/source/helpers/jquery.fancybox-buttons3447.js]
[designtab.nitrkl.ac.in/source/helpers/jquery.fancybox-thumbsf2ad.js]
[designtab.nitrkl.ac.in/source/helpers/jquery.fancybox-mediac924.js]
[designtab.nitrkl.ac.in/3d.html]
[designtab.nitrkl.ac.in/team.html]
[designtab.nitrkl.ac.in/images/DT1.svg]
[designtab.nitrkl.ac.in/images/be.svg]
[designtab.nitrkl.ac.in/images/fb.svg]
[designtab.nitrkl.ac.in/js/particles.min.js]
[designtab.nitrkl.ac.in/fonts/Jura-light.html]
[designtab.nitrkl.ac.in/fonts/fontawesome-webfonte0a5.html]
[designtab.nitrkl.ac.in/fonts/fontawesome-webfontd41d.html]
[designtab.nitrkl.ac.in/fonts/fontawesome-webfonte0a5-2.html]
[designtab.nitrkl.ac.in/fonts/fontawesome-webfonte0a5-3.html]
[designtab.nitrkl.ac.in/fonts/fontawesome-webfonte0a5-4.html]
[designtab.nitrkl.ac.in/fonts/fontawesome-webfonte0a5-5.html]
[designtab.nitrkl.ac.in/css/team/demo.css]
[designtab.nitrkl.ac.in/css/team/common.css]
[designtab.nitrkl.ac.in/css/images/10.jpg]
[designtab.nitrkl.ac.in/css/images/11.jpg]
[designtab.nitrkl.ac.in/css/images/12.jpg]
[designtab.nitrkl.ac.in/css/images/13.jpg]
[designtab.nitrkl.ac.in/css/images/14.jpg]
[designtab.nitrkl.ac.in/css/images/15.jpg]
[designtab.nitrkl.ac.in/css/images/16.jpg]
[designtab.nitrkl.ac.in/css/images/17.jpg]
[designtab.nitrkl.ac.in/css/images/18.jpg]
[designtab.nitrkl.ac.in/css/images/19.jpg]
[designtab.nitrkl.ac.in/css/images/20.jpg]
[designtab.nitrkl.ac.in/css/images/21.jpg]
[designtab.nitrkl.ac.in/css/images/22.jpg]
[designtab.nitrkl.ac.in/css/images/23.jpg]
[designtab.nitrkl.ac.in/css/images/24.jpg]
[designtab.nitrkl.ac.in/css/images/25.jpg]
[designtab.nitrkl.ac.in/css/images/26.jpg]
[designtab.nitrkl.ac.in/css/images/27.jpg]
[designtab.nitrkl.ac.in/css/images/28.jpg]
[designtab.nitrkl.ac.in/css/images/29.jpg]
[designtab.nitrkl.ac.in/css/images/30.jpg]
[designtab.nitrkl.ac.in/css/images/31.jpg]
[designtab.nitrkl.ac.in/css/images/32.jpg]
[designtab.nitrkl.ac.in/css/images/33.jpg]
[designtab.nitrkl.ac.in/css/images/34.jpg]
[designtab.nitrkl.ac.in/css/images/35.jpg]
[designtab.nitrkl.ac.in/css/images/36.jpg]
[designtab.nitrkl.ac.in/css/images/37.jpg]
[designtab.nitrkl.ac.in/css/images/38.jpg]
[designtab.nitrkl.ac.in/css/team/style4.css]
[designtab.nitrkl.ac.in/css/team/normalize.css.html]
[designtab.nitrkl.ac.in/css/overlay.png]
[designtab.nitrkl.ac.in/css/portfolio.css]
[designtab.nitrkl.ac.in/images/graphics/img/1.png]
[designtab.nitrkl.ac.in/images/graphics/1.png]
[designtab.nitrkl.ac.in/images/graphics/img/2.png]
[designtab.nitrkl.ac.in/images/graphics/2.png]
[designtab.nitrkl.ac.in/images/graphics/img/3.png]
[designtab.nitrkl.ac.in/images/graphics/3.png]
[designtab.nitrkl.ac.in/images/graphics/img/4.png]
[designtab.nitrkl.ac.in/images/graphics/4.png]
[designtab.nitrkl.ac.in/images/graphics/img/5.png]
[designtab.nitrkl.ac.in/images/graphics/5.png]
[designtab.nitrkl.ac.in/images/graphics/img/6.png]
[designtab.nitrkl.ac.in/images/graphics/6.png]
[designtab.nitrkl.ac.in/images/graphics/img/7.png]
[designtab.nitrkl.ac.in/images/graphics/7.png]
[designtab.nitrkl.ac.in/images/graphics/img/8.png]
[designtab.nitrkl.ac.in/images/graphics/8.png]
[designtab.nitrkl.ac.in/images/graphics/img/9.png]
[designtab.nitrkl.ac.in/images/graphics/9.png]
[designtab.nitrkl.ac.in/images/graphics/img/10.png]
[designtab.nitrkl.ac.in/images/graphics/10.png]
[designtab.nitrkl.ac.in/images/graphics/img/11.png]
[designtab.nitrkl.ac.in/images/graphics/11.png]
[designtab.nitrkl.ac.in/images/graphics/img/12.png]
[designtab.nitrkl.ac.in/images/graphics/12.png]
[designtab.nitrkl.ac.in/images/graphics/img/13.png]
[designtab.nitrkl.ac.in/images/graphics/13.png]
[designtab.nitrkl.ac.in/images/graphics/img/14.png]
[designtab.nitrkl.ac.in/images/graphics/14.png]
[designtab.nitrkl.ac.in/images/graphics/img/15.png]
[designtab.nitrkl.ac.in/images/graphics/15.png]
[designtab.nitrkl.ac.in/images/graphics/img/33.png]
[designtab.nitrkl.ac.in/images/graphics/33.png]
[designtab.nitrkl.ac.in/images/graphics/img/34.png]
[designtab.nitrkl.ac.in/images/graphics/34.png]
[designtab.nitrkl.ac.in/images/graphics/img/35.png]
[designtab.nitrkl.ac.in/images/graphics/35.png]
[designtab.nitrkl.ac.in/images/graphics/img/36.png]
[designtab.nitrkl.ac.in/images/graphics/36.png]
[designtab.nitrkl.ac.in/images/graphics/img/37.png]
[designtab.nitrkl.ac.in/images/graphics/37.png]
[designtab.nitrkl.ac.in/graphics.html]
[designtab.nitrkl.ac.in/images/web/img/1.png]
[designtab.nitrkl.ac.in/images/web/1.png]
[designtab.nitrkl.ac.in/images/web/img/2.png]
[designtab.nitrkl.ac.in/images/web/2.png]
[designtab.nitrkl.ac.in/images/web/img/3.png]
[designtab.nitrkl.ac.in/images/web/3.png]
[designtab.nitrkl.ac.in/images/web/img/4.png]
[designtab.nitrkl.ac.in/images/web/4.png]
[designtab.nitrkl.ac.in/images/web/img/5.png]
[designtab.nitrkl.ac.in/images/web/5.png]
[designtab.nitrkl.ac.in/images/web/img/6.png]
[designtab.nitrkl.ac.in/images/web/6.png]
[designtab.nitrkl.ac.in/images/web/img/8.png]
[designtab.nitrkl.ac.in/images/web/8.png]
[designtab.nitrkl.ac.in/images/web/img/9.png]
[designtab.nitrkl.ac.in/images/web/9.png]
[designtab.nitrkl.ac.in/images/web/img/10.png]
[designtab.nitrkl.ac.in/images/web/10.png]
[designtab.nitrkl.ac.in/images/web/img/11.png]
[designtab.nitrkl.ac.in/images/web/11.png]
[designtab.nitrkl.ac.in/images/web/img/12.png]
[designtab.nitrkl.ac.in/images/web/12.png]
[designtab.nitrkl.ac.in/web.html]
[designtab.nitrkl.ac.in/images/3d/img/5.png]
[designtab.nitrkl.ac.in/source/fancybox_sprite.png]
[designtab.nitrkl.ac.in/source/fancybox_loading.gif]
[designtab.nitrkl.ac.in/source/blank.gif]
[designtab.nitrkl.ac.in/source/fancybox_sprite@2x.png]
[designtab.nitrkl.ac.in/source/fancybox_loading@2x.gif]
[designtab.nitrkl.ac.in/source/jquery.fancybox8cbb.css]
[designtab.nitrkl.ac.in/source/helpers/fancybox_buttons.png]
[designtab.nitrkl.ac.in/source/helpers/jquery.fancybox-buttons3447.css]
[designtab.nitrkl.ac.in/source/helpers/jquery.fancybox-thumbsf2ad.css]
[designtab.nitrkl.ac.in/css/team/normalize.css]
[designtab.nitrkl.ac.in/css/images/bg.html]
[designtab.nitrkl.ac.in/css/images/37.jpg]
[designtab.nitrkl.ac.in/images/graphics/img/14.png]
[designtab.nitrkl.ac.in/images/graphics/img/15.png]
[designtab.nitrkl.ac.in/images/graphics/img/16.png]
[designtab.nitrkl.ac.in/images/graphics/16.png]
[designtab.nitrkl.ac.in/images/graphics/img/17.png]
[designtab.nitrkl.ac.in/images/graphics/17.png]
[designtab.nitrkl.ac.in/images/graphics/img/18.png]
[designtab.nitrkl.ac.in/images/graphics/18.png]
[designtab.nitrkl.ac.in/images/graphics/img/19.png]
[designtab.nitrkl.ac.in/images/graphics/19.png]
[designtab.nitrkl.ac.in/images/graphics/img/20.png]
[designtab.nitrkl.ac.in/images/graphics/20.png]
[designtab.nitrkl.ac.in/images/graphics/img/21.png]
[designtab.nitrkl.ac.in/images/graphics/21.png]
[designtab.nitrkl.ac.in/images/graphics/img/22.png]
[designtab.nitrkl.ac.in/images/graphics/22.png]
[designtab.nitrkl.ac.in/images/graphics/img/23.png]
[designtab.nitrkl.ac.in/images/graphics/23.png]
[designtab.nitrkl.ac.in/images/graphics/img/24.png]
[designtab.nitrkl.ac.in/images/graphics/24.png]
[designtab.nitrkl.ac.in/images/graphics/img/25.png]
[designtab.nitrkl.ac.in/images/graphics/25.png]
[designtab.nitrkl.ac.in/images/graphics/img/26.png]
[designtab.nitrkl.ac.in/images/graphics/26.png]
[designtab.nitrkl.ac.in/images/graphics/img/27.png]
[designtab.nitrkl.ac.in/images/graphics/27.png]
[designtab.nitrkl.ac.in/images/graphics/img/28.png]
[designtab.nitrkl.ac.in/images/graphics/28.png]
[designtab.nitrkl.ac.in/images/graphics/img/29.png]
[designtab.nitrkl.ac.in/images/graphics/29.png]
[designtab.nitrkl.ac.in/images/graphics/img/30.png]
[designtab.nitrkl.ac.in/images/graphics/30.png]
[designtab.nitrkl.ac.in/images/graphics/img/31.png]
[designtab.nitrkl.ac.in/images/graphics/31.png]
[designtab.nitrkl.ac.in/images/graphics/img/32.png]
[designtab.nitrkl.ac.in/images/graphics/32.png]
